[0m20:02:26.037969 [debug] [MainThread]: Sending event: {'category': 'dbt', 'action': 'invocation', 'label': 'start', 'context': [<snowplow_tracker.self_describing_json.SelfDescribingJson object at 0x000001B899381F90>, <snowplow_tracker.self_describing_json.SelfDescribingJson object at 0x000001B8983003D0>, <snowplow_tracker.self_describing_json.SelfDescribingJson object at 0x000001B89947BC50>]}


============================== 20:02:26.042618 | 87ab79c9-8e4a-4d2e-a77c-97ef0e1e3eb0 ==============================
[0m20:02:26.042618 [info ] [MainThread]: Running with dbt=1.12.3
[0m20:02:26.042618 [debug] [MainThread]: running dbt with arguments {'maximum_seed_size_mib': '1', 'no_print': 'None', 'version_check': 'True', 'target_path': 'None', 'warn_error_options': 'WarnErrorOptionsV2(error=[], warn=[], silence=[])', 'static_parser': 'True', 'printer_width': '80', 'write_json': 'True', 'empty': 'False', 'log_cache_events': 'False', 'introspect': 'True', 'cache_selected_only': 'False', 'log_format': 'default', 'debug': 'False', 'fail_fast': 'False', 'partial_parse': 'True', 'send_anonymous_usage_stats': 'True', 'quiet': 'False', 'warn_error': 'None', 'profiles_dir': 'C:\\Users\\ivrin\\.dbt', 'indirect_selection': 'eager', 'hints_enabled': 'True', 'invocation_command': 'dbt run', 'use_experimental_parser': 'False', 'use_colors': 'True', 'log_path': 'logs'}
[0m20:02:26.042618 [error] [MainThread]: [[31mERROR[0m]: Encountered an error:
Runtime Error
  No dbt_project.yml found at expected path C:\Users\ivrin\OneDrive\Bureau\pipeline et dashboard\dbt_project.yml
  Verify that each entry within packages.yml (and their transitive dependencies) contains a file named dbt_project.yml
  
[0m20:02:26.042618 [debug] [MainThread]: Command `dbt run` failed at 20:02:26.042618 after 0.14 seconds
[0m20:02:26.042618 [debug] [MainThread]: Sending event: {'category': 'dbt', 'action': 'invocation', 'label': 'end', 'context': [<snowplow_tracker.self_describing_json.SelfDescribingJson object at 0x000001B8994A2B10>, <snowplow_tracker.self_describing_json.SelfDescribingJson object at 0x000001B8994A0050>, <snowplow_tracker.self_describing_json.SelfDescribingJson object at 0x000001B891677110>]}
[0m20:02:26.042618 [debug] [MainThread]: Flushing usage events
[0m20:02:26.814675 [debug] [MainThread]: An error was encountered while trying to flush usage events
[0m20:03:29.871885 [debug] [MainThread]: Sending event: {'category': 'dbt', 'action': 'invocation', 'label': 'start', 'context': [<snowplow_tracker.self_describing_json.SelfDescribingJson object at 0x000002360966B510>, <snowplow_tracker.self_describing_json.SelfDescribingJson object at 0x0000023609669CD0>, <snowplow_tracker.self_describing_json.SelfDescribingJson object at 0x000002360966B710>]}


============================== 20:03:29.871885 | 2312a3a9-b012-4f13-9f59-29f99422d1fe ==============================
[0m20:03:29.871885 [info ] [MainThread]: Running with dbt=1.12.3
[0m20:03:29.871885 [debug] [MainThread]: running dbt with arguments {'version_check': 'True', 'no_print': 'None', 'maximum_seed_size_mib': '1', 'warn_error_options': 'WarnErrorOptionsV2(error=[], warn=[], silence=[])', 'target_path': 'None', 'static_parser': 'True', 'printer_width': '80', 'write_json': 'True', 'empty': 'False', 'log_cache_events': 'False', 'introspect': 'True', 'cache_selected_only': 'False', 'log_format': 'default', 'debug': 'False', 'fail_fast': 'False', 'partial_parse': 'True', 'send_anonymous_usage_stats': 'True', 'quiet': 'False', 'warn_error': 'None', 'profiles_dir': 'C:\\Users\\ivrin\\.dbt', 'use_colors': 'True', 'hints_enabled': 'True', 'invocation_command': 'dbt run', 'use_experimental_parser': 'False', 'indirect_selection': 'eager', 'log_path': 'logs'}
[0m20:03:29.871885 [error] [MainThread]: [[31mERROR[0m]: Encountered an error:
Runtime Error
  No dbt_project.yml found at expected path C:\Users\ivrin\OneDrive\Bureau\pipeline et dashboard\dbt_project.yml
  Verify that each entry within packages.yml (and their transitive dependencies) contains a file named dbt_project.yml
  
[0m20:03:29.871885 [debug] [MainThread]: Command `dbt run` failed at 20:03:29.871885 after 0.14 seconds
[0m20:03:29.871885 [debug] [MainThread]: Sending event: {'category': 'dbt', 'action': 'invocation', 'label': 'end', 'context': [<snowplow_tracker.self_describing_json.SelfDescribingJson object at 0x000002360E959210>, <snowplow_tracker.self_describing_json.SelfDescribingJson object at 0x000002360E95A390>, <snowplow_tracker.self_describing_json.SelfDescribingJson object at 0x000002360E8685D0>]}
[0m20:03:29.871885 [debug] [MainThread]: Flushing usage events
[0m20:03:30.693539 [debug] [MainThread]: An error was encountered while trying to flush usage events
