[0m16:36:06.983080 [debug] [MainThread]: Sending event: {'category': 'dbt', 'action': 'invocation', 'label': 'start', 'context': [<snowplow_tracker.self_describing_json.SelfDescribingJson object at 0x00000229E9DDA490>, <snowplow_tracker.self_describing_json.SelfDescribingJson object at 0x00000229E9D417D0>, <snowplow_tracker.self_describing_json.SelfDescribingJson object at 0x00000229E9D48D90>]}


============================== 16:36:06.983080 | df1b6f93-40ef-48a9-8afa-019ad5437b85 ==============================
[0m16:36:06.983080 [info ] [MainThread]: Running with dbt=1.12.3
[0m16:36:06.997223 [debug] [MainThread]: running dbt with arguments {'version_check': 'True', 'no_print': 'None', 'static_parser': 'True', 'warn_error_options': 'WarnErrorOptionsV2(error=[], warn=[], silence=[])', 'target_path': 'None', 'maximum_seed_size_mib': '1', 'printer_width': '80', 'write_json': 'True', 'introspect': 'True', 'log_cache_events': 'False', 'empty': 'None', 'cache_selected_only': 'False', 'log_format': 'default', 'debug': 'False', 'fail_fast': 'False', 'partial_parse': 'True', 'send_anonymous_usage_stats': 'True', 'quiet': 'False', 'warn_error': 'None', 'profiles_dir': 'C:\\Users\\ivrin\\.dbt', 'indirect_selection': 'eager', 'hints_enabled': 'True', 'invocation_command': 'dbt init olist_transform', 'use_experimental_parser': 'False', 'use_colors': 'True', 'log_path': 'logs'}
[0m16:36:07.023950 [info ] [MainThread]: Creating dbt configuration folder at C:\Users\ivrin\.dbt
[0m16:36:07.029131 [debug] [MainThread]: Starter project path: C:\Users\ivrin\anaconda3\Lib\site-packages\dbt\include\starter_project
[0m16:36:07.076043 [info ] [MainThread]: Setting up your profile.
[0m16:37:47.935036 [info ] [MainThread]: Profile olist_transform written to C:\Users\ivrin\.dbt\profiles.yml using target's sample configuration. Once updated, you'll be able to start developing with dbt.
[0m16:37:47.945143 [info ] [MainThread]: Running dbt debug to validate the project...
[0m16:37:47.945143 [info ] [MainThread]: dbt version: 1.12.3
[0m16:37:47.945143 [info ] [MainThread]: python version: 3.11.5
[0m16:37:47.945143 [info ] [MainThread]: python path: C:\Users\ivrin\anaconda3\python.exe
[0m16:37:47.949920 [info ] [MainThread]: os info: Windows-10-10.0.26200-SP0
[0m16:37:48.055545 [info ] [MainThread]: Using profiles dir at C:\Users\ivrin\.dbt
[0m16:37:48.055545 [info ] [MainThread]: Using profiles.yml file at C:\Users\ivrin\.dbt\profiles.yml
[0m16:37:48.055545 [info ] [MainThread]: Using dbt_project.yml file at C:\Users\ivrin\OneDrive\Bureau\pipeline et dashboard\data Brazilian E-Commerce\olist_transform\dbt_project.yml
[0m16:37:48.062780 [info ] [MainThread]: adapter type: duckdb
[0m16:37:48.063786 [info ] [MainThread]: adapter version: 1.11.0
[0m16:37:48.170539 [info ] [MainThread]: Configuration:
[0m16:37:48.170539 [info ] [MainThread]:   profiles.yml file [[32mOK found and valid[0m]
[0m16:37:48.170539 [info ] [MainThread]:   dbt_project.yml file [[32mOK found and valid[0m]
[0m16:37:48.170539 [info ] [MainThread]: Required dependencies:
[0m16:37:48.170539 [debug] [MainThread]: Executing "git --help"
[0m16:37:48.170539 [info ] [MainThread]:  - git [[31mERROR[0m]

[0m16:37:48.186994 [info ] [MainThread]: Connection:
[0m16:37:48.186994 [info ] [MainThread]:   database: dev
[0m16:37:48.186994 [info ] [MainThread]:   schema: main
[0m16:37:48.190927 [info ] [MainThread]:   path: dev.duckdb
[0m16:37:48.193250 [info ] [MainThread]:   config_options: None
[0m16:37:48.194258 [info ] [MainThread]:   extensions: None
[0m16:37:48.196337 [info ] [MainThread]:   settings: {}
[0m16:37:48.196337 [info ] [MainThread]:   external_root: .
[0m16:37:48.196337 [info ] [MainThread]:   use_credential_provider: None
[0m16:37:48.196337 [info ] [MainThread]:   attach: None
[0m16:37:48.196337 [info ] [MainThread]:   filesystems: None
[0m16:37:48.196337 [info ] [MainThread]:   remote: None
[0m16:37:48.196337 [info ] [MainThread]:   plugins: None
[0m16:37:48.202359 [info ] [MainThread]:   disable_transactions: False
[0m16:37:48.203710 [info ] [MainThread]: Registered adapter: duckdb=1.11.0
[0m16:37:48.478459 [debug] [MainThread]: Acquiring new duckdb connection 'debug'
[0m16:37:49.041782 [debug] [MainThread]: Using duckdb connection "debug"
[0m16:37:49.041782 [debug] [MainThread]: On debug: select 1 as id
[0m16:37:49.051409 [debug] [MainThread]: Opening a new connection, currently in state init
[0m16:37:49.073362 [debug] [MainThread]: SQL status: OK in 0.033 seconds
[0m16:37:49.073362 [debug] [MainThread]: On debug: Close
[0m16:37:49.073362 [info ] [MainThread]:   Connection test: [[32mOK connection ok[0m]

[0m16:37:49.073362 [info ] [MainThread]: [31m1 check failed:[0m
[0m16:37:49.089244 [info ] [MainThread]: Error from git --help: Could not find command, ensure it is in the user's PATH and that the user has permissions to run it: "git"

[0m16:37:49.089966 [info ] [MainThread]: Your new dbt project "olist_transform" was created!
Initialized new project in C:\Users\ivrin\OneDrive\Bureau\pipeline et dashboard\data Brazilian E-Commerce\olist_transform\olist_transform

For more information on how to configure the profiles.yml file,
please consult the dbt documentation here:

  https://docs.getdbt.com/docs/configure-your-profile

One more thing:

Need help? Don't hesitate to reach out to us via GitHub issues or on Slack:

  https://community.getdbt.com/

Happy modeling!

[0m16:37:49.089966 [info ] [MainThread]: [31mYour profile may need adjustments. You can find the logs of `dbt debug` above[0m
[0m16:37:49.091969 [debug] [MainThread]: Command `dbt init` succeeded at 16:37:49.091969 after 102.23 seconds
[0m16:37:49.091969 [debug] [MainThread]: Connection 'debug' was properly closed.
[0m16:37:49.091969 [debug] [MainThread]: Sending event: {'category': 'dbt', 'action': 'invocation', 'label': 'end', 'context': [<snowplow_tracker.self_describing_json.SelfDescribingJson object at 0x00000229E2037C50>, <snowplow_tracker.self_describing_json.SelfDescribingJson object at 0x00000229EA474DD0>, <snowplow_tracker.self_describing_json.SelfDescribingJson object at 0x00000229EA474590>]}
[0m16:37:49.091969 [debug] [MainThread]: Flushing usage events
[0m16:37:50.020818 [debug] [MainThread]: An error was encountered while trying to flush usage events
[0m18:23:08.637347 [debug] [MainThread]: Sending event: {'category': 'dbt', 'action': 'invocation', 'label': 'start', 'context': [<snowplow_tracker.self_describing_json.SelfDescribingJson object at 0x00000230C7641F90>, <snowplow_tracker.self_describing_json.SelfDescribingJson object at 0x00000230C764BCD0>, <snowplow_tracker.self_describing_json.SelfDescribingJson object at 0x00000230C773BC50>]}


============================== 18:23:08.641869 | dc7fb02f-71cc-426d-8f97-68c73aae742a ==============================
[0m18:23:08.641869 [info ] [MainThread]: Running with dbt=1.12.3
[0m18:23:08.641869 [debug] [MainThread]: running dbt with arguments {'version_check': 'True', 'no_print': 'None', 'maximum_seed_size_mib': '1', 'target_path': 'None', 'warn_error_options': 'WarnErrorOptionsV2(error=[], warn=[], silence=[])', 'static_parser': 'True', 'printer_width': '80', 'write_json': 'True', 'introspect': 'True', 'log_cache_events': 'False', 'empty': 'False', 'cache_selected_only': 'False', 'fail_fast': 'False', 'debug': 'False', 'log_format': 'default', 'profiles_dir': 'C:\\Users\\ivrin\\.dbt', 'send_anonymous_usage_stats': 'True', 'quiet': 'False', 'warn_error': 'None', 'partial_parse': 'True', 'use_colors': 'True', 'hints_enabled': 'True', 'indirect_selection': 'eager', 'use_experimental_parser': 'False', 'invocation_command': 'dbt run', 'log_path': 'logs'}
[0m18:23:08.641869 [error] [MainThread]: [[31mERROR[0m]: Encountered an error:
Runtime Error
  No dbt_project.yml found at expected path C:\Users\ivrin\OneDrive\Bureau\pipeline et dashboard\data Brazilian E-Commerce\dbt_project.yml
  Verify that each entry within packages.yml (and their transitive dependencies) contains a file named dbt_project.yml
  
[0m18:23:08.641869 [debug] [MainThread]: Command `dbt run` failed at 18:23:08.641869 after 0.13 seconds
[0m18:23:08.653093 [debug] [MainThread]: Sending event: {'category': 'dbt', 'action': 'invocation', 'label': 'end', 'context': [<snowplow_tracker.self_describing_json.SelfDescribingJson object at 0x00000230C76486D0>, <snowplow_tracker.self_describing_json.SelfDescribingJson object at 0x00000230C764BF10>, <snowplow_tracker.self_describing_json.SelfDescribingJson object at 0x00000230C764BDD0>]}
[0m18:23:08.653093 [debug] [MainThread]: Flushing usage events
[0m18:23:09.464092 [debug] [MainThread]: An error was encountered while trying to flush usage events
[0m18:37:08.822720 [debug] [MainThread]: Sending event: {'category': 'dbt', 'action': 'invocation', 'label': 'start', 'context': [<snowplow_tracker.self_describing_json.SelfDescribingJson object at 0x0000027E30B063D0>, <snowplow_tracker.self_describing_json.SelfDescribingJson object at 0x0000027E2F9908D0>, <snowplow_tracker.self_describing_json.SelfDescribingJson object at 0x0000027E30A19CD0>]}


============================== 18:37:08.831495 | 90195031-c0dc-40a4-85d2-6485c69447b8 ==============================
[0m18:37:08.831495 [info ] [MainThread]: Running with dbt=1.12.3
[0m18:37:08.831495 [debug] [MainThread]: running dbt with arguments {'version_check': 'True', 'no_print': 'None', 'static_parser': 'True', 'target_path': 'None', 'maximum_seed_size_mib': '1', 'warn_error_options': 'WarnErrorOptionsV2(error=[], warn=[], silence=[])', 'printer_width': '80', 'write_json': 'True', 'introspect': 'True', 'log_cache_events': 'False', 'empty': 'False', 'cache_selected_only': 'False', 'fail_fast': 'False', 'debug': 'False', 'log_format': 'default', 'profiles_dir': 'C:\\Users\\ivrin\\.dbt', 'send_anonymous_usage_stats': 'True', 'quiet': 'False', 'warn_error': 'None', 'partial_parse': 'True', 'invocation_command': 'dbt run', 'hints_enabled': 'True', 'indirect_selection': 'eager', 'use_experimental_parser': 'False', 'use_colors': 'True', 'log_path': 'logs'}
[0m18:37:08.831495 [error] [MainThread]: [[31mERROR[0m]: Encountered an error:
Runtime Error
  No dbt_project.yml found at expected path C:\Users\ivrin\OneDrive\Bureau\pipeline et dashboard\data Brazilian E-Commerce\dbt_project.yml
  Verify that each entry within packages.yml (and their transitive dependencies) contains a file named dbt_project.yml
  
[0m18:37:08.836135 [debug] [MainThread]: Command `dbt run` failed at 18:37:08.836135 after 0.14 seconds
[0m18:37:08.836135 [debug] [MainThread]: Sending event: {'category': 'dbt', 'action': 'invocation', 'label': 'end', 'context': [<snowplow_tracker.self_describing_json.SelfDescribingJson object at 0x0000027E30B32C50>, <snowplow_tracker.self_describing_json.SelfDescribingJson object at 0x0000027E30B30190>, <snowplow_tracker.self_describing_json.SelfDescribingJson object at 0x0000027E2F990350>]}
[0m18:37:08.838276 [debug] [MainThread]: Flushing usage events
[0m18:37:09.626617 [debug] [MainThread]: An error was encountered while trying to flush usage events
[0m20:01:19.963600 [debug] [MainThread]: Sending event: {'category': 'dbt', 'action': 'invocation', 'label': 'start', 'context': [<snowplow_tracker.self_describing_json.SelfDescribingJson object at 0x000001D61DE01950>, <snowplow_tracker.self_describing_json.SelfDescribingJson object at 0x000001D61DEAFA90>, <snowplow_tracker.self_describing_json.SelfDescribingJson object at 0x000001D61DEAFD10>]}


============================== 20:01:19.979846 | a7a22de0-7d43-4248-a9e6-f77b0d795bd0 ==============================
[0m20:01:19.979846 [info ] [MainThread]: Running with dbt=1.12.3
[0m20:01:19.979846 [debug] [MainThread]: running dbt with arguments {'static_parser': 'True', 'no_print': 'None', 'maximum_seed_size_mib': '1', 'warn_error_options': 'WarnErrorOptionsV2(error=[], warn=[], silence=[])', 'version_check': 'True', 'target_path': 'None', 'printer_width': '80', 'write_json': 'True', 'empty': 'False', 'log_cache_events': 'False', 'introspect': 'True', 'cache_selected_only': 'False', 'log_format': 'default', 'debug': 'False', 'fail_fast': 'False', 'profiles_dir': 'C:\\Users\\ivrin\\.dbt', 'send_anonymous_usage_stats': 'True', 'quiet': 'False', 'warn_error': 'None', 'partial_parse': 'True', 'use_colors': 'True', 'hints_enabled': 'True', 'indirect_selection': 'eager', 'use_experimental_parser': 'False', 'invocation_command': 'dbt run', 'log_path': 'logs'}
[0m20:01:19.979846 [error] [MainThread]: [[31mERROR[0m]: Encountered an error:
Runtime Error
  No dbt_project.yml found at expected path C:\Users\ivrin\OneDrive\Bureau\pipeline et dashboard\data Brazilian E-Commerce\dbt_project.yml
  Verify that each entry within packages.yml (and their transitive dependencies) contains a file named dbt_project.yml
  
[0m20:01:19.979846 [debug] [MainThread]: Command `dbt run` failed at 20:01:19.979846 after 0.12 seconds
[0m20:01:19.979846 [debug] [MainThread]: Sending event: {'category': 'dbt', 'action': 'invocation', 'label': 'end', 'context': [<snowplow_tracker.self_describing_json.SelfDescribingJson object at 0x000001D61DE01110>, <snowplow_tracker.self_describing_json.SelfDescribingJson object at 0x000001D61DE085D0>, <snowplow_tracker.self_describing_json.SelfDescribingJson object at 0x000001D61DE0BF10>]}
[0m20:01:19.979846 [debug] [MainThread]: Flushing usage events
[0m20:01:20.743389 [debug] [MainThread]: An error was encountered while trying to flush usage events
[0m21:03:20.446148 [debug] [MainThread]: Sending event: {'category': 'dbt', 'action': 'invocation', 'label': 'start', 'context': [<snowplow_tracker.self_describing_json.SelfDescribingJson object at 0x000001E142554ED0>, <snowplow_tracker.self_describing_json.SelfDescribingJson object at 0x000001E142557D90>, <snowplow_tracker.self_describing_json.SelfDescribingJson object at 0x000001E142557AD0>]}


============================== 21:03:20.453797 | d1cfa5c8-7767-47e6-94d6-6620098a1e26 ==============================
[0m21:03:20.453797 [info ] [MainThread]: Running with dbt=1.12.3
[0m21:03:20.453797 [debug] [MainThread]: running dbt with arguments {'version_check': 'True', 'no_print': 'None', 'static_parser': 'True', 'target_path': 'None', 'maximum_seed_size_mib': '1', 'warn_error_options': 'WarnErrorOptionsV2(error=[], warn=[], silence=[])', 'printer_width': '80', 'write_json': 'True', 'empty': 'False', 'log_cache_events': 'False', 'introspect': 'True', 'cache_selected_only': 'False', 'log_format': 'default', 'debug': 'False', 'fail_fast': 'False', 'profiles_dir': 'C:\\Users\\ivrin\\.dbt', 'send_anonymous_usage_stats': 'True', 'quiet': 'False', 'warn_error': 'None', 'partial_parse': 'True', 'use_colors': 'True', 'hints_enabled': 'True', 'indirect_selection': 'eager', 'use_experimental_parser': 'False', 'invocation_command': 'dbt run', 'log_path': 'logs'}
[0m21:03:20.453797 [error] [MainThread]: [[31mERROR[0m]: Encountered an error:
Runtime Error
  No dbt_project.yml found at expected path C:\Users\ivrin\OneDrive\Bureau\pipeline et dashboard\data Brazilian E-Commerce\dbt_project.yml
  Verify that each entry within packages.yml (and their transitive dependencies) contains a file named dbt_project.yml
  
[0m21:03:20.457736 [debug] [MainThread]: Command `dbt run` failed at 21:03:20.453797 after 0.14 seconds
[0m21:03:20.457736 [debug] [MainThread]: Sending event: {'category': 'dbt', 'action': 'invocation', 'label': 'end', 'context': [<snowplow_tracker.self_describing_json.SelfDescribingJson object at 0x000001E1425F2C90>, <snowplow_tracker.self_describing_json.SelfDescribingJson object at 0x000001E141449850>, <snowplow_tracker.self_describing_json.SelfDescribingJson object at 0x000001E1424D84D0>]}
[0m21:03:20.457736 [debug] [MainThread]: Flushing usage events
[0m21:03:21.304405 [debug] [MainThread]: An error was encountered while trying to flush usage events
[0m21:12:18.288827 [debug] [MainThread]: Sending event: {'category': 'dbt', 'action': 'invocation', 'label': 'start', 'context': [<snowplow_tracker.self_describing_json.SelfDescribingJson object at 0x000002C546705D10>, <snowplow_tracker.self_describing_json.SelfDescribingJson object at 0x000002C546707710>, <snowplow_tracker.self_describing_json.SelfDescribingJson object at 0x000002C546706AD0>]}


============================== 21:12:18.288827 | a3dee5c8-04d6-4bab-a4f4-9fb5b792ea4e ==============================
[0m21:12:18.288827 [info ] [MainThread]: Running with dbt=1.12.3
[0m21:12:18.297536 [debug] [MainThread]: running dbt with arguments {'maximum_seed_size_mib': '1', 'no_print': 'None', 'version_check': 'True', 'warn_error_options': 'WarnErrorOptionsV2(error=[], warn=[], silence=[])', 'target_path': 'None', 'static_parser': 'True', 'printer_width': '80', 'write_json': 'True', 'introspect': 'True', 'log_cache_events': 'False', 'empty': 'False', 'cache_selected_only': 'False', 'fail_fast': 'False', 'debug': 'False', 'log_format': 'default', 'profiles_dir': 'C:\\Users\\ivrin\\.dbt', 'send_anonymous_usage_stats': 'True', 'quiet': 'False', 'warn_error': 'None', 'partial_parse': 'True', 'use_colors': 'True', 'hints_enabled': 'True', 'invocation_command': 'dbt run', 'use_experimental_parser': 'False', 'indirect_selection': 'eager', 'log_path': 'logs'}
[0m21:12:18.298772 [error] [MainThread]: [[31mERROR[0m]: Encountered an error:
Runtime Error
  No dbt_project.yml found at expected path C:\Users\ivrin\OneDrive\Bureau\pipeline et dashboard\data Brazilian E-Commerce\dbt_project.yml
  Verify that each entry within packages.yml (and their transitive dependencies) contains a file named dbt_project.yml
  
[0m21:12:18.301011 [debug] [MainThread]: Command `dbt run` failed at 21:12:18.298772 after 0.15 seconds
[0m21:12:18.301011 [debug] [MainThread]: Sending event: {'category': 'dbt', 'action': 'invocation', 'label': 'end', 'context': [<snowplow_tracker.self_describing_json.SelfDescribingJson object at 0x000002C5455F9850>, <snowplow_tracker.self_describing_json.SelfDescribingJson object at 0x000002C546689750>, <snowplow_tracker.self_describing_json.SelfDescribingJson object at 0x000002C5466891D0>]}
[0m21:12:18.301934 [debug] [MainThread]: Flushing usage events
[0m21:12:19.156736 [debug] [MainThread]: An error was encountered while trying to flush usage events
[0m22:22:14.969897 [debug] [MainThread]: Sending event: {'category': 'dbt', 'action': 'invocation', 'label': 'start', 'context': [<snowplow_tracker.self_describing_json.SelfDescribingJson object at 0x0000017382F0B350>, <snowplow_tracker.self_describing_json.SelfDescribingJson object at 0x0000017382F0B990>, <snowplow_tracker.self_describing_json.SelfDescribingJson object at 0x0000017382F0B3D0>]}


============================== 22:22:14.976205 | 1aee8785-9c8b-4ead-b19b-71f644763da5 ==============================
[0m22:22:14.976205 [info ] [MainThread]: Running with dbt=1.12.3
[0m22:22:14.976205 [debug] [MainThread]: running dbt with arguments {'maximum_seed_size_mib': '1', 'no_print': 'None', 'version_check': 'True', 'warn_error_options': 'WarnErrorOptionsV2(error=[], warn=[], silence=[])', 'static_parser': 'True', 'target_path': 'None', 'printer_width': '80', 'write_json': 'True', 'empty': 'False', 'log_cache_events': 'False', 'introspect': 'True', 'cache_selected_only': 'False', 'log_format': 'default', 'debug': 'False', 'fail_fast': 'False', 'profiles_dir': 'C:\\Users\\ivrin\\OneDrive\\Bureau\\pipeline et dashboard\\data Brazilian E-Commerce', 'send_anonymous_usage_stats': 'True', 'quiet': 'False', 'warn_error': 'None', 'partial_parse': 'True', 'use_colors': 'True', 'hints_enabled': 'True', 'indirect_selection': 'eager', 'use_experimental_parser': 'False', 'invocation_command': 'dbt run', 'log_path': 'logs'}
[0m22:22:14.978117 [error] [MainThread]: [[31mERROR[0m]: Encountered an error:
Runtime Error
  No dbt_project.yml found at expected path C:\Users\ivrin\OneDrive\Bureau\pipeline et dashboard\data Brazilian E-Commerce\dbt_project.yml
  Verify that each entry within packages.yml (and their transitive dependencies) contains a file named dbt_project.yml
  
[0m22:22:14.978620 [debug] [MainThread]: Command `dbt run` failed at 22:22:14.978620 after 0.07 seconds
[0m22:22:14.978620 [debug] [MainThread]: Sending event: {'category': 'dbt', 'action': 'invocation', 'label': 'end', 'context': [<snowplow_tracker.self_describing_json.SelfDescribingJson object at 0x0000017382F0B9D0>, <snowplow_tracker.self_describing_json.SelfDescribingJson object at 0x0000017382F091D0>, <snowplow_tracker.self_describing_json.SelfDescribingJson object at 0x0000017382F08B10>]}
[0m22:22:14.978620 [debug] [MainThread]: Flushing usage events
[0m22:22:15.880176 [debug] [MainThread]: An error was encountered while trying to flush usage events
[0m23:38:23.388009 [debug] [MainThread]: Sending event: {'category': 'dbt', 'action': 'invocation', 'label': 'start', 'context': [<snowplow_tracker.self_describing_json.SelfDescribingJson object at 0x000001854DB9AB50>, <snowplow_tracker.self_describing_json.SelfDescribingJson object at 0x000001854DB9B6D0>, <snowplow_tracker.self_describing_json.SelfDescribingJson object at 0x000001854DB9AF50>]}


============================== 23:38:23.397097 | f6d74b1e-6aee-4016-b87d-348c266e870f ==============================
[0m23:38:23.397097 [info ] [MainThread]: Running with dbt=1.12.3
[0m23:38:23.397691 [debug] [MainThread]: running dbt with arguments {'maximum_seed_size_mib': '1', 'no_print': 'None', 'version_check': 'True', 'target_path': 'None', 'warn_error_options': 'WarnErrorOptionsV2(error=[], warn=[], silence=[])', 'static_parser': 'True', 'printer_width': '80', 'write_json': 'True', 'empty': 'False', 'log_cache_events': 'False', 'introspect': 'True', 'cache_selected_only': 'False', 'log_format': 'default', 'debug': 'False', 'fail_fast': 'False', 'partial_parse': 'True', 'send_anonymous_usage_stats': 'True', 'quiet': 'False', 'warn_error': 'None', 'profiles_dir': 'C:\\Users\\ivrin\\OneDrive\\Bureau\\pipeline et dashboard\\data Brazilian E-Commerce', 'indirect_selection': 'eager', 'hints_enabled': 'True', 'invocation_command': 'dbt run --full-refresh', 'use_experimental_parser': 'False', 'use_colors': 'True', 'log_path': 'logs'}
[0m23:38:23.399649 [error] [MainThread]: [[31mERROR[0m]: Encountered an error:
Runtime Error
  No dbt_project.yml found at expected path C:\Users\ivrin\OneDrive\Bureau\pipeline et dashboard\data Brazilian E-Commerce\dbt_project.yml
  Verify that each entry within packages.yml (and their transitive dependencies) contains a file named dbt_project.yml
  
[0m23:38:23.401655 [debug] [MainThread]: Command `dbt run` failed at 23:38:23.401655 after 0.10 seconds
[0m23:38:23.401655 [debug] [MainThread]: Sending event: {'category': 'dbt', 'action': 'invocation', 'label': 'end', 'context': [<snowplow_tracker.self_describing_json.SelfDescribingJson object at 0x000001854DC0C110>, <snowplow_tracker.self_describing_json.SelfDescribingJson object at 0x000001854CB108D0>, <snowplow_tracker.self_describing_json.SelfDescribingJson object at 0x000001854DB99890>]}
[0m23:38:23.401655 [debug] [MainThread]: Flushing usage events
[0m23:38:24.390300 [debug] [MainThread]: An error was encountered while trying to flush usage events
[0m00:53:37.422604 [debug] [MainThread]: Sending event: {'category': 'dbt', 'action': 'invocation', 'label': 'start', 'context': [<snowplow_tracker.self_describing_json.SelfDescribingJson object at 0x000001791330AA50>, <snowplow_tracker.self_describing_json.SelfDescribingJson object at 0x000001791330AD90>, <snowplow_tracker.self_describing_json.SelfDescribingJson object at 0x000001791330AC90>]}


============================== 00:53:37.431091 | b50f7985-8c50-4813-a46b-3b6da372b40f ==============================
[0m00:53:37.431091 [info ] [MainThread]: Running with dbt=1.12.3
[0m00:53:37.432142 [debug] [MainThread]: running dbt with arguments {'static_parser': 'True', 'no_print': 'None', 'maximum_seed_size_mib': '1', 'warn_error_options': 'WarnErrorOptionsV2(error=[], warn=[], silence=[])', 'target_path': 'None', 'version_check': 'True', 'printer_width': '80', 'write_json': 'True', 'empty': 'False', 'log_cache_events': 'False', 'introspect': 'True', 'cache_selected_only': 'False', 'log_format': 'default', 'debug': 'False', 'fail_fast': 'False', 'partial_parse': 'True', 'send_anonymous_usage_stats': 'True', 'quiet': 'False', 'warn_error': 'None', 'profiles_dir': 'C:\\Users\\ivrin\\OneDrive\\Bureau\\pipeline et dashboard\\data Brazilian E-Commerce', 'invocation_command': 'dbt run', 'hints_enabled': 'True', 'use_colors': 'True', 'use_experimental_parser': 'False', 'indirect_selection': 'eager', 'log_path': 'logs'}
[0m00:53:37.434564 [error] [MainThread]: [[31mERROR[0m]: Encountered an error:
Runtime Error
  No dbt_project.yml found at expected path C:\Users\ivrin\OneDrive\Bureau\pipeline et dashboard\data Brazilian E-Commerce\dbt_project.yml
  Verify that each entry within packages.yml (and their transitive dependencies) contains a file named dbt_project.yml
  
[0m00:53:37.437651 [debug] [MainThread]: Command `dbt run` failed at 00:53:37.436655 after 0.07 seconds
[0m00:53:37.438138 [debug] [MainThread]: Sending event: {'category': 'dbt', 'action': 'invocation', 'label': 'end', 'context': [<snowplow_tracker.self_describing_json.SelfDescribingJson object at 0x000001791228D410>, <snowplow_tracker.self_describing_json.SelfDescribingJson object at 0x00000179133008D0>, <snowplow_tracker.self_describing_json.SelfDescribingJson object at 0x000001790B607C50>]}
[0m00:53:37.439148 [debug] [MainThread]: Flushing usage events
[0m00:53:38.252611 [debug] [MainThread]: An error was encountered while trying to flush usage events
[0m01:15:50.194732 [debug] [MainThread]: Sending event: {'category': 'dbt', 'action': 'invocation', 'label': 'start', 'context': [<snowplow_tracker.self_describing_json.SelfDescribingJson object at 0x000001557E75B1D0>, <snowplow_tracker.self_describing_json.SelfDescribingJson object at 0x000001557E758950>, <snowplow_tracker.self_describing_json.SelfDescribingJson object at 0x000001557E75B590>]}


============================== 01:15:50.219115 | c4d151ac-7ba9-4f10-b3b9-f9f2d94d4197 ==============================
[0m01:15:50.219115 [info ] [MainThread]: Running with dbt=1.12.3
[0m01:15:50.219115 [debug] [MainThread]: running dbt with arguments {'maximum_seed_size_mib': '1', 'no_print': 'None', 'version_check': 'True', 'warn_error_options': 'WarnErrorOptionsV2(error=[], warn=[], silence=[])', 'target_path': 'None', 'static_parser': 'True', 'printer_width': '80', 'write_json': 'True', 'introspect': 'True', 'log_cache_events': 'False', 'empty': 'False', 'cache_selected_only': 'False', 'fail_fast': 'False', 'debug': 'False', 'log_format': 'default', 'profiles_dir': 'C:\\Users\\ivrin\\OneDrive\\Bureau\\pipeline et dashboard\\data Brazilian E-Commerce', 'send_anonymous_usage_stats': 'True', 'quiet': 'False', 'warn_error': 'None', 'partial_parse': 'True', 'invocation_command': 'dbt run', 'hints_enabled': 'True', 'indirect_selection': 'eager', 'use_experimental_parser': 'False', 'use_colors': 'True', 'log_path': 'logs'}
[0m01:15:50.219115 [error] [MainThread]: [[31mERROR[0m]: Encountered an error:
Runtime Error
  No dbt_project.yml found at expected path C:\Users\ivrin\OneDrive\Bureau\pipeline et dashboard\data Brazilian E-Commerce\dbt_project.yml
  Verify that each entry within packages.yml (and their transitive dependencies) contains a file named dbt_project.yml
  
[0m01:15:50.226559 [debug] [MainThread]: Command `dbt run` failed at 01:15:50.219115 after 0.14 seconds
[0m01:15:50.227008 [debug] [MainThread]: Sending event: {'category': 'dbt', 'action': 'invocation', 'label': 'end', 'context': [<snowplow_tracker.self_describing_json.SelfDescribingJson object at 0x000001557E7CC850>, <snowplow_tracker.self_describing_json.SelfDescribingJson object at 0x000001557D6D1190>, <snowplow_tracker.self_describing_json.SelfDescribingJson object at 0x000001557E751090>]}
[0m01:15:50.228004 [debug] [MainThread]: Flushing usage events
[0m01:15:51.432224 [debug] [MainThread]: An error was encountered while trying to flush usage events
[0m01:27:08.927502 [debug] [MainThread]: Sending event: {'category': 'dbt', 'action': 'invocation', 'label': 'start', 'context': [<snowplow_tracker.self_describing_json.SelfDescribingJson object at 0x000001A52A8097D0>, <snowplow_tracker.self_describing_json.SelfDescribingJson object at 0x000001A52A80B990>, <snowplow_tracker.self_describing_json.SelfDescribingJson object at 0x000001A52A809C10>]}


============================== 01:27:08.947372 | e0d006a8-f92d-490b-89e9-3bf6a692bed8 ==============================
[0m01:27:08.947372 [info ] [MainThread]: Running with dbt=1.12.3
[0m01:27:08.947372 [debug] [MainThread]: running dbt with arguments {'version_check': 'True', 'no_print': 'None', 'maximum_seed_size_mib': '1', 'warn_error_options': 'WarnErrorOptionsV2(error=[], warn=[], silence=[])', 'target_path': 'None', 'static_parser': 'True', 'printer_width': '80', 'write_json': 'True', 'empty': 'False', 'log_cache_events': 'False', 'introspect': 'True', 'cache_selected_only': 'False', 'log_format': 'default', 'debug': 'False', 'fail_fast': 'False', 'profiles_dir': 'C:\\Users\\ivrin\\OneDrive\\Bureau\\pipeline et dashboard\\data Brazilian E-Commerce', 'send_anonymous_usage_stats': 'True', 'quiet': 'False', 'warn_error': 'None', 'partial_parse': 'True', 'use_colors': 'True', 'hints_enabled': 'True', 'invocation_command': 'dbt run', 'use_experimental_parser': 'False', 'indirect_selection': 'eager', 'log_path': 'logs'}
[0m01:27:08.949526 [error] [MainThread]: [[31mERROR[0m]: Encountered an error:
Runtime Error
  No dbt_project.yml found at expected path C:\Users\ivrin\OneDrive\Bureau\pipeline et dashboard\data Brazilian E-Commerce\dbt_project.yml
  Verify that each entry within packages.yml (and their transitive dependencies) contains a file named dbt_project.yml
  
[0m01:27:08.949526 [debug] [MainThread]: Command `dbt run` failed at 01:27:08.949526 after 0.05 seconds
[0m01:27:08.949526 [debug] [MainThread]: Sending event: {'category': 'dbt', 'action': 'invocation', 'label': 'end', 'context': [<snowplow_tracker.self_describing_json.SelfDescribingJson object at 0x000001A529780ED0>, <snowplow_tracker.self_describing_json.SelfDescribingJson object at 0x000001A529780550>, <snowplow_tracker.self_describing_json.SelfDescribingJson object at 0x000001A52A800D10>]}
[0m01:27:08.949526 [debug] [MainThread]: Flushing usage events
[0m01:27:09.719344 [debug] [MainThread]: An error was encountered while trying to flush usage events
